>type CardinalDirection = "North" | "East" | "South" | "West"
#^^^^ source.data-weave storage.type.dw
#    ^ source.data-weave
#     ^^^^^^^^^^^^^^^^^ source.data-weave entity.name.variable.dw
#                      ^ source.data-weave
#                       ^ source.data-weave keyword.operator.assignment.dw
#                        ^ source.data-weave
#                         ^ source.data-weave string.quoted.double.dw punctuation.definition.string.begin.dw
#                          ^^^^^ source.data-weave string.quoted.double.dw
#                               ^ source.data-weave string.quoted.double.dw punctuation.definition.string.end.dw
#                                ^ source.data-weave
#                                 ^ source.data-weave constant.numeric.dw
#                                  ^^^^^^^^ source.data-weave
#                                          ^ source.data-weave constant.numeric.dw
#                                           ^ source.data-weave
#                                            ^ source.data-weave string.quoted.double.dw punctuation.definition.string.begin.dw
#                                             ^^^^^ source.data-weave string.quoted.double.dw
#                                                  ^ source.data-weave string.quoted.double.dw punctuation.definition.string.end.dw
#                                                   ^ source.data-weave
#                                                    ^ source.data-weave constant.numeric.dw
#                                                     ^^ source.data-weave
#                                                       ^ source.data-weave constant.character.escape.dw
#                                                        ^^^^^ source.data-weave
>
>type OneToThree = 1 | 2 | 3
#^^^^^^^^ source.data-weave
#        ^ source.data-weave constant.character.escape.dw
#         ^ source.data-weave
#          ^ source.data-weave constant.character.escape.dw
#           ^^^^^^^ source.data-weave
#                  ^ source.data-weave constant.numeric.dw
#                   ^ source.data-weave
#                    ^ source.data-weave constant.numeric.dw
#                     ^ source.data-weave
#                      ^ source.data-weave constant.numeric.dw
#                       ^ source.data-weave
#                        ^ source.data-weave constant.numeric.dw
#                         ^ source.data-weave
#                          ^ source.data-weave constant.numeric.dw
>
>type QubitBool = true | false | "Superposition"
#^^^^^^^^^^^^^^^^^^^^^^ source.data-weave
#                      ^ source.data-weave constant.numeric.dw
#                       ^ source.data-weave
#                        ^^^^^ source.data-weave constant.language.dw
#                             ^ source.data-weave
#                              ^ source.data-weave constant.numeric.dw
#                               ^^ source.data-weave
#                                 ^ source.data-weave constant.character.escape.dw
#                                  ^^^^^^^^^^^^^^ source.data-weave
>
>fun foo(a: 123, b: "Hola" | "Chau"): true = true
#^^^^^^^^^ source.data-weave
#         ^ source.data-weave constant.character.escape.dw
#          ^ source.data-weave
#           ^^^ source.data-weave constant.numeric.dw
#              ^^^ source.data-weave
#                 ^ source.data-weave constant.character.escape.dw
#                  ^^ source.data-weave
#                    ^ source.data-weave constant.character.escape.dw
#                     ^^^^^ source.data-weave
#                          ^ source.data-weave constant.numeric.dw
#                           ^ source.data-weave
#                            ^ source.data-weave string.quoted.double.dw punctuation.definition.string.begin.dw
#                             ^^^^ source.data-weave string.quoted.double.dw
#                                 ^ source.data-weave string.quoted.double.dw punctuation.definition.string.end.dw
#                                  ^ source.data-weave
#                                   ^ source.data-weave keyword.operator.declaration.dw
#                                    ^ source.data-weave
#                                     ^^^^ source.data-weave constant.language.dw
#                                         ^ source.data-weave
#                                          ^ source.data-weave keyword.operator.assignment.dw
#                                           ^ source.data-weave
#                                            ^^^^ source.data-weave constant.language.dw
>---
#^^^ source.data-weave keyword.operator.body-marker.dw
>{}
#^^^ source.data-weave