>[
#^ source.data-weave storage.type.dw
>  atrue,
#^^ source.data-weave storage.type.dw
#  ^^^^^ source.data-weave storage.type.dw entity.name.variable.dw
#       ^^ source.data-weave storage.type.dw
>  afalse,
#^^ source.data-weave storage.type.dw
#  ^^^^^^ source.data-weave storage.type.dw entity.name.variable.dw
#        ^^ source.data-weave storage.type.dw
>  anull,
#^^ source.data-weave storage.type.dw
#  ^^^^^ source.data-weave storage.type.dw entity.name.variable.dw
#       ^^ source.data-weave storage.type.dw
>  true,
#^^ source.data-weave storage.type.dw
#  ^^^^ source.data-weave storage.type.dw constant.language.dw
#      ^^ source.data-weave storage.type.dw
>  false,
#^^ source.data-weave storage.type.dw
#  ^^^^^ source.data-weave storage.type.dw constant.language.dw
#       ^^ source.data-weave storage.type.dw
>  null,
#^^ source.data-weave storage.type.dw
#  ^^^^ source.data-weave storage.type.dw constant.language.dw
#      ^^ source.data-weave storage.type.dw
>  truea,
#^^ source.data-weave storage.type.dw
#  ^^^^^ source.data-weave storage.type.dw entity.name.variable.dw
#       ^^ source.data-weave storage.type.dw
>  falsea,
#^^ source.data-weave storage.type.dw
#  ^^^^^^ source.data-weave storage.type.dw entity.name.variable.dw
#        ^^ source.data-weave storage.type.dw
>  nulla,
#^^ source.data-weave storage.type.dw
#  ^^^^^ source.data-weave storage.type.dw entity.name.variable.dw
#       ^^ source.data-weave storage.type.dw
>  and,
#^^ source.data-weave storage.type.dw
#  ^^^ source.data-weave storage.type.dw keyword.operator.dw
#     ^^ source.data-weave storage.type.dw
>  or,
#^^ source.data-weave storage.type.dw
#  ^^ source.data-weave storage.type.dw keyword.operator.dw
#    ^^ source.data-weave storage.type.dw
>  not,
#^^ source.data-weave storage.type.dw
#  ^^^ source.data-weave storage.type.dw keyword.operator.dw
#     ^^ source.data-weave storage.type.dw
>  map,
#^^ source.data-weave storage.type.dw
#  ^^^ source.data-weave storage.type.dw entity.name.variable.dw
#     ^^ source.data-weave storage.type.dw
>  a and b,
#^^ source.data-weave storage.type.dw
#  ^ source.data-weave storage.type.dw entity.name.variable.dw
#   ^ source.data-weave storage.type.dw
#    ^^^ source.data-weave storage.type.dw keyword.operator.dw
#       ^ source.data-weave storage.type.dw
#        ^ source.data-weave storage.type.dw entity.name.variable.dw
#         ^^ source.data-weave storage.type.dw
>  a map b,
#^^ source.data-weave storage.type.dw
#  ^ source.data-weave storage.type.dw entity.name.variable.dw
#   ^ source.data-weave storage.type.dw
#    ^^^ source.data-weave storage.type.dw entity.name.variable.dw
#       ^ source.data-weave storage.type.dw
#        ^ source.data-weave storage.type.dw entity.name.variable.dw
#         ^^ source.data-weave storage.type.dw
>  not x
#^^ source.data-weave storage.type.dw
#  ^^^ source.data-weave storage.type.dw keyword.operator.dw
#     ^ source.data-weave storage.type.dw
#      ^ source.data-weave storage.type.dw entity.name.variable.dw
>]
#^ source.data-weave storage.type.dw