>var DEBUG = envVars().PWD? and (envVars().PWD contains "bat-docker-worker") 
#^^^ source.data-weave storage.type.dw
#   ^ source.data-weave
#    ^^^^^ source.data-weave entity.name.variable.dw
#         ^ source.data-weave
#          ^ source.data-weave keyword.operator.assignment.dw
#           ^ source.data-weave
#            ^^^^^^^ source.data-weave entity.name.variable.dw
#                   ^^ source.data-weave
#                     ^ source.data-weave storage.type.dw
#                      ^^^ source.data-weave entity.name.variable.dw
#                         ^^ source.data-weave
#                           ^^^ source.data-weave keyword.operator.dw
#                              ^^ source.data-weave
#                                ^^^^^^^ source.data-weave entity.name.variable.dw
#                                       ^^ source.data-weave
#                                         ^ source.data-weave storage.type.dw
#                                          ^^^ source.data-weave entity.name.variable.dw
#                                             ^ source.data-weave
#                                              ^^^^^^^^ source.data-weave entity.name.variable.dw
#                                                      ^ source.data-weave
#                                                       ^ source.data-weave string.quoted.double.dw punctuation.definition.string.begin.dw
#                                                        ^^^^^^^^^^^^^^^^^ source.data-weave string.quoted.double.dw
#                                                                         ^ source.data-weave string.quoted.double.dw punctuation.definition.string.end.dw
#                                                                          ^^^ source.data-weave