>{
#^^ source.data-weave
>  y: "a" matches/Achaval$/,
#^^ source.data-weave
#  ^ source.data-weave entity.name.variable.dw
#   ^ source.data-weave keyword.operator.declaration.dw
#    ^ source.data-weave
#     ^ source.data-weave string.quoted.double.dw punctuation.definition.string.begin.dw
#      ^ source.data-weave string.quoted.double.dw
#       ^ source.data-weave string.quoted.double.dw punctuation.definition.string.end.dw
#        ^ source.data-weave
#         ^^^^^^^ source.data-weave entity.name.variable.dw
#                ^^^^^^^^^^ source.data-weave string.regexp.dw
#                          ^^ source.data-weave
>  z: "b"matches /Achaval$/,
#^^ source.data-weave
#  ^ source.data-weave entity.name.variable.dw
#   ^ source.data-weave keyword.operator.declaration.dw
#    ^ source.data-weave
#     ^ source.data-weave string.quoted.double.dw punctuation.definition.string.begin.dw
#      ^ source.data-weave string.quoted.double.dw
#       ^ source.data-weave string.quoted.double.dw punctuation.definition.string.end.dw
#        ^^^^^^^ source.data-weave entity.name.variable.dw
#               ^ source.data-weave
#                ^^^^^^^^^^ source.data-weave string.regexp.dw
#                          ^^ source.data-weave
>  a1: "b"matches/Achaval$/,
#^^ source.data-weave
#  ^^ source.data-weave entity.name.variable.dw
#    ^ source.data-weave keyword.operator.declaration.dw
#     ^ source.data-weave
#      ^ source.data-weave string.quoted.double.dw punctuation.definition.string.begin.dw
#       ^ source.data-weave string.quoted.double.dw
#        ^ source.data-weave string.quoted.double.dw punctuation.definition.string.end.dw
#         ^^^^^^^ source.data-weave entity.name.variable.dw
#                ^^^^^^^^^^ source.data-weave string.regexp.dw
#                          ^^ source.data-weave
>  c: /asd/matches/asd/
#^^ source.data-weave
#  ^ source.data-weave entity.name.variable.dw
#   ^ source.data-weave keyword.operator.declaration.dw
#    ^ source.data-weave
#     ^^^^^^^^^^^^^^^^^ source.data-weave string.regexp.dw
>}
#^^ source.data-weave