>ns mule_mule asd
#^^ source.data-weave storage.type.dw
#  ^ source.data-weave
#   ^^^^^^^^^ source.data-weave entity.name.variable.dw
#            ^ source.data-weave
#             ^^^ source.data-weave markup.underline.link
>ns http asd
#^^ source.data-weave storage.type.dw
#  ^ source.data-weave
#   ^^^^ source.data-weave entity.name.variable.dw
#       ^ source.data-weave
#        ^^^ source.data-weave markup.underline.link
>---
#^^^ source.data-weave keyword.operator.body-marker.dw
>mule_mule#flow @(
#^^^^^^^^^ source.data-weave entity.name.variable.dw
#         ^ source.data-weave
#          ^^^^ source.data-weave entity.name.variable.dw
#              ^^^^ source.data-weave
>  name: "HelloWorldFlow1"
#^^ source.data-weave
#  ^^^^ source.data-weave entity.name.variable.dw
#      ^ source.data-weave keyword.operator.declaration.dw
#       ^ source.data-weave
#        ^ source.data-weave string.quoted.double.dw punctuation.definition.string.begin.dw
#         ^^^^^^^^^^^^^^^ source.data-weave string.quoted.double.dw
#                        ^ source.data-weave string.quoted.double.dw punctuation.definition.string.end.dw
>): {
#^ source.data-weave
# ^ source.data-weave keyword.operator.declaration.dw
#  ^^^ source.data-weave
>  http#"inbound-endpoint" @("exchange-pattern": "request-response", host: "localhost"): null,
#^^ source.data-weave
#  ^^^^ source.data-weave entity.name.variable.dw
#      ^ source.data-weave
#       ^ source.data-weave string.quoted.double.dw punctuation.definition.string.begin.dw
#        ^^^^^^^^^^^^^^^^ source.data-weave string.quoted.double.dw
#                        ^ source.data-weave string.quoted.double.dw punctuation.definition.string.end.dw
#                         ^^^ source.data-weave
#                            ^ source.data-weave string.quoted.double.dw punctuation.definition.string.begin.dw
#                             ^^^^^^^^^^^^^^^^ source.data-weave string.quoted.double.dw
#                                             ^ source.data-weave string.quoted.double.dw punctuation.definition.string.end.dw
#                                              ^ source.data-weave keyword.operator.declaration.dw
#                                               ^ source.data-weave
#                                                ^ source.data-weave string.quoted.double.dw punctuation.definition.string.begin.dw
#                                                 ^^^^^^^^^^^^^^^^ source.data-weave string.quoted.double.dw
#                                                                 ^ source.data-weave string.quoted.double.dw punctuation.definition.string.end.dw
#                                                                  ^^ source.data-weave
#                                                                    ^^^^ source.data-weave entity.name.variable.dw
#                                                                        ^ source.data-weave keyword.operator.declaration.dw
#                                                                         ^ source.data-weave
#                                                                          ^ source.data-weave string.quoted.double.dw punctuation.definition.string.begin.dw
#                                                                           ^^^^^^^^^ source.data-weave string.quoted.double.dw
#                                                                                    ^ source.data-weave string.quoted.double.dw punctuation.definition.string.end.dw
#                                                                                     ^ source.data-weave
#                                                                                      ^ source.data-weave keyword.operator.declaration.dw
#                                                                                       ^ source.data-weave
#                                                                                        ^^^^ source.data-weave constant.language.dw
#                                                                                            ^^ source.data-weave
>  mule_mule#set_payload @(value123: "Hello World"): null
#^^ source.data-weave
#  ^^^^^^^^^ source.data-weave entity.name.variable.dw
#           ^ source.data-weave
#            ^^^^^^^^^^^ source.data-weave entity.name.variable.dw
#                       ^^^ source.data-weave
#                          ^^^^^^^^ source.data-weave entity.name.variable.dw
#                                  ^ source.data-weave keyword.operator.declaration.dw
#                                   ^ source.data-weave
#                                    ^ source.data-weave string.quoted.double.dw punctuation.definition.string.begin.dw
#                                     ^^^^^^^^^^^ source.data-weave string.quoted.double.dw
#                                                ^ source.data-weave string.quoted.double.dw punctuation.definition.string.end.dw
#                                                 ^ source.data-weave
#                                                  ^ source.data-weave keyword.operator.declaration.dw
#                                                   ^ source.data-weave
#                                                    ^^^^ source.data-weave constant.language.dw
>}
#^^ source.data-weave