>[
#^ source.data-weave storage.type.dw
>  ASD ``,
#^^ source.data-weave storage.type.dw
#  ^^^ source.data-weave storage.type.dw entity.name.variable.dw
#     ^ source.data-weave storage.type.dw
#      ^ source.data-weave storage.type.dw string.quoted.backtick.dw punctuation.definition.string.begin.dw
#       ^ source.data-weave storage.type.dw string.quoted.backtick.dw punctuation.definition.string.end.dw
#        ^^ source.data-weave storage.type.dw
>  asd``
#^^ source.data-weave storage.type.dw
#  ^^^ source.data-weave storage.type.dw entity.name.variable.dw
#     ^ source.data-weave storage.type.dw string.quoted.backtick.dw punctuation.definition.string.begin.dw
#      ^ source.data-weave storage.type.dw string.quoted.backtick.dw punctuation.definition.string.end.dw
>]
#^ source.data-weave storage.type.dw