>type FormData<T> = {(T): String}
#^^^^ source.data-weave storage.type.dw
#    ^ source.data-weave
#     ^^^^^^^^ source.data-weave entity.name.variable.dw
#             ^ source.data-weave keyword.operator.comparison.dw
#              ^ source.data-weave entity.name.variable.dw
#               ^ source.data-weave keyword.operator.comparison.dw
#                ^ source.data-weave
#                 ^ source.data-weave keyword.operator.assignment.dw
#                  ^^^ source.data-weave
#                     ^ source.data-weave entity.name.variable.dw
#                      ^ source.data-weave
#                       ^ source.data-weave keyword.operator.declaration.dw
#                        ^ source.data-weave
#                         ^^^^^^ source.data-weave entity.name.variable.dw
#                               ^^ source.data-weave
>type StringDict = {_: String}
#^^^^ source.data-weave storage.type.dw
#    ^ source.data-weave
#     ^^^^^^^^^^ source.data-weave entity.name.variable.dw
#               ^ source.data-weave
#                ^ source.data-weave keyword.operator.assignment.dw
#                 ^^^ source.data-weave
#                    ^ source.data-weave keyword.operator.declaration.dw
#                     ^ source.data-weave
#                      ^^^^^^ source.data-weave entity.name.variable.dw
#                            ^^ source.data-weave
>type HttpRequest = {
#^^^^ source.data-weave storage.type.dw
#    ^ source.data-weave
#     ^^^^^^^^^^^ source.data-weave entity.name.variable.dw
#                ^ source.data-weave
#                 ^ source.data-weave keyword.operator.assignment.dw
#                  ^^^ source.data-weave
>  headers?: HttpHeaders,
#^^ source.data-weave
#  ^^^^^^^ source.data-weave entity.name.variable.dw
#         ^ source.data-weave
#          ^ source.data-weave keyword.operator.declaration.dw
#           ^ source.data-weave
#            ^^^^^^^^^^^ source.data-weave entity.name.variable.dw
#                       ^^ source.data-weave
>  method?: String,
#^^ source.data-weave
#  ^^^^^^ source.data-weave entity.name.variable.dw
#        ^ source.data-weave
#         ^ source.data-weave keyword.operator.declaration.dw
#          ^ source.data-weave
#           ^^^^^^ source.data-weave entity.name.variable.dw
#                 ^^ source.data-weave
>  url: String,
#^^ source.data-weave
#  ^^^ source.data-weave entity.name.variable.dw
#     ^ source.data-weave keyword.operator.declaration.dw
#      ^ source.data-weave
#       ^^^^^^ source.data-weave entity.name.variable.dw
#             ^^ source.data-weave
>  allowRedirect?: Boolean,
#^^ source.data-weave
#  ^^^^^^^^^^^^^ source.data-weave entity.name.variable.dw
#               ^ source.data-weave
#                ^ source.data-weave keyword.operator.declaration.dw
#                 ^ source.data-weave
#                  ^^^^^^^ source.data-weave entity.name.variable.dw
#                         ^^ source.data-weave
>  body?: String
#^^ source.data-weave
#  ^^^^ source.data-weave entity.name.variable.dw
#      ^ source.data-weave
#       ^ source.data-weave keyword.operator.declaration.dw
#        ^ source.data-weave
#         ^^^^^^ source.data-weave entity.name.variable.dw
>}
#^^ source.data-weave
>
>type XmlType = {
#^^^^ source.data-weave storage.type.dw
#    ^ source.data-weave
#     ^^^^^^^ source.data-weave entity.name.variable.dw
#            ^ source.data-weave
#             ^ source.data-weave keyword.operator.assignment.dw
#              ^^^ source.data-weave
>  headers @(name: String, age?: Number): HttpHeaders,
#^^ source.data-weave
#  ^^^^^^^ source.data-weave entity.name.variable.dw
#         ^^^ source.data-weave
#            ^^^^ source.data-weave entity.name.variable.dw
#                ^ source.data-weave keyword.operator.declaration.dw
#                 ^ source.data-weave
#                  ^^^^^^ source.data-weave entity.name.variable.dw
#                        ^^ source.data-weave
#                          ^^^ source.data-weave entity.name.variable.dw
#                             ^ source.data-weave
#                              ^ source.data-weave keyword.operator.declaration.dw
#                               ^ source.data-weave
#                                ^^^^^^ source.data-weave entity.name.variable.dw
#                                      ^ source.data-weave
#                                       ^ source.data-weave keyword.operator.declaration.dw
#                                        ^ source.data-weave
#                                         ^^^^^^^^^^^ source.data-weave entity.name.variable.dw
#                                                    ^^ source.data-weave
>  foo @(name: String, age: Number)?: HttpHeaders
#^^ source.data-weave
#  ^^^ source.data-weave entity.name.variable.dw
#     ^^^ source.data-weave
#        ^^^^ source.data-weave entity.name.variable.dw
#            ^ source.data-weave keyword.operator.declaration.dw
#             ^ source.data-weave
#              ^^^^^^ source.data-weave entity.name.variable.dw
#                    ^^ source.data-weave
#                      ^^^ source.data-weave entity.name.variable.dw
#                         ^ source.data-weave keyword.operator.declaration.dw
#                          ^ source.data-weave
#                           ^^^^^^ source.data-weave entity.name.variable.dw
#                                 ^^ source.data-weave
#                                   ^ source.data-weave keyword.operator.declaration.dw
#                                    ^ source.data-weave
#                                     ^^^^^^^^^^^ source.data-weave entity.name.variable.dw
>}
#^^ source.data-weave
>ns ns0 http://mulesoft.com/dw
#^^ source.data-weave storage.type.dw
#  ^ source.data-weave
#   ^^^ source.data-weave entity.name.variable.dw
#      ^ source.data-weave
#       ^^^^^^^^^^^^^^^^^^^^^^ source.data-weave markup.underline.link
>ns ns1 http://mulesoft.com/mule
#^^ source.data-weave storage.type.dw
#  ^ source.data-weave
#   ^^^ source.data-weave entity.name.variable.dw
#      ^ source.data-weave
#       ^^^^^^^^^^^^^^^^^^^^^^^^ source.data-weave markup.underline.link
>type FN = get: (key: String) -> T | Null
#^^^^ source.data-weave storage.type.dw
#    ^ source.data-weave
#     ^^ source.data-weave entity.name.variable.dw
#       ^ source.data-weave
#        ^ source.data-weave keyword.operator.assignment.dw
#         ^ source.data-weave
#          ^^^ source.data-weave entity.name.variable.dw
#             ^ source.data-weave keyword.operator.declaration.dw
#              ^^ source.data-weave
#                ^^^ source.data-weave entity.name.variable.dw
#                   ^ source.data-weave keyword.operator.declaration.dw
#                    ^ source.data-weave
#                     ^^^^^^ source.data-weave entity.name.variable.dw
#                           ^^ source.data-weave
#                             ^^ source.data-weave keyword.operator.case.dw
#                               ^ source.data-weave
#                                ^ source.data-weave entity.name.variable.dw
#                                 ^ source.data-weave
#                                  ^ source.data-weave constant.numeric.dw
#                                   ^^^^^^ source.data-weave
>type FN = get: (String) -> T | Null
#^^^^^^^^^^^^^ source.data-weave
#             ^ source.data-weave constant.character.escape.dw
#              ^^ source.data-weave
#                ^ source.data-weave constant.character.escape.dw
#                 ^^^^^^^ source.data-weave
#                        ^ source.data-weave constant.character.escape.dw
#                         ^^ source.data-weave
#                           ^ source.data-weave constant.character.escape.dw
#                            ^ source.data-weave
#                             ^ source.data-weave constant.numeric.dw
#                              ^ source.data-weave
#                               ^^^^ source.data-weave entity.name.variable.dw
>type XmlUser = {
#^^^^ source.data-weave storage.type.dw
#    ^ source.data-weave
#     ^^^^^^^ source.data-weave entity.name.variable.dw
#            ^ source.data-weave
#             ^ source.data-weave keyword.operator.assignment.dw
#              ^^^ source.data-weave
>                  ns0#root:
#^^^^^^^^^^^^^^^^^^ source.data-weave
#                  ^^^ source.data-weave entity.name.variable.dw
#                     ^ source.data-weave
#                      ^^^^ source.data-weave entity.name.variable.dw
#                          ^ source.data-weave keyword.operator.declaration.dw
>                      {
#^^^^^^^^^^^^^^^^^^^^^^^^ source.data-weave
>                        ns0#name: String,
#^^^^^^^^^^^^^^^^^^^^^^^^ source.data-weave
#                        ^^^ source.data-weave entity.name.variable.dw
#                           ^ source.data-weave
#                            ^^^^ source.data-weave entity.name.variable.dw
#                                ^ source.data-weave keyword.operator.declaration.dw
#                                 ^ source.data-weave
#                                  ^^^^^^ source.data-weave entity.name.variable.dw
#                                        ^^ source.data-weave
>                        ns0#lastName: String
#^^^^^^^^^^^^^^^^^^^^^^^^ source.data-weave
#                        ^^^ source.data-weave entity.name.variable.dw
#                           ^ source.data-weave
#                            ^^^^^^^^ source.data-weave entity.name.variable.dw
#                                    ^ source.data-weave keyword.operator.declaration.dw
#                                     ^ source.data-weave
#                                      ^^^^^^ source.data-weave entity.name.variable.dw
>                        }
#^^^^^^^^^^^^^^^^^^^^^^^^^^ source.data-weave
>                  }
#^^^^^^^^^^^^^^^^^^^^ source.data-weave
>
>type close = {| name: String, age: Number |}
#^^^^ source.data-weave storage.type.dw
#    ^ source.data-weave
#     ^^^^^ source.data-weave entity.name.variable.dw
#          ^ source.data-weave
#           ^ source.data-weave keyword.operator.assignment.dw
#            ^^ source.data-weave
#              ^ source.data-weave constant.numeric.dw
#               ^^^^^ source.data-weave
#                    ^ source.data-weave constant.character.escape.dw
#                     ^ source.data-weave
#                      ^ source.data-weave constant.character.escape.dw
#                       ^^^^^^^^^^ source.data-weave
#                                 ^ source.data-weave constant.character.escape.dw
#                                  ^^^^^^^^ source.data-weave
#                                          ^ source.data-weave constant.numeric.dw
#                                           ^^ source.data-weave
>type ordered = {- name: String, age: Number -}
#^^^^ source.data-weave storage.type.dw
#    ^ source.data-weave
#     ^^^^^^^ source.data-weave entity.name.variable.dw
#            ^ source.data-weave
#             ^ source.data-weave keyword.operator.assignment.dw
#              ^^ source.data-weave
#                ^ source.data-weave keyword.operator.arithmetic.dw
#                 ^ source.data-weave
#                  ^^^^ source.data-weave entity.name.variable.dw
#                      ^ source.data-weave keyword.operator.declaration.dw
#                       ^ source.data-weave
#                        ^^^^^^ source.data-weave entity.name.variable.dw
#                              ^^ source.data-weave
#                                ^^^ source.data-weave entity.name.variable.dw
#                                   ^ source.data-weave keyword.operator.declaration.dw
#                                    ^ source.data-weave
#                                     ^^^^^^ source.data-weave entity.name.variable.dw
#                                           ^ source.data-weave
#                                            ^ source.data-weave keyword.operator.arithmetic.dw
#                                             ^^ source.data-weave
>type orderedClose = {-| name: String, age: Number |-}
#^^^^ source.data-weave storage.type.dw
#    ^ source.data-weave
#     ^^^^^^^^^^^^ source.data-weave entity.name.variable.dw
#                 ^ source.data-weave
#                  ^ source.data-weave keyword.operator.assignment.dw
#                   ^^ source.data-weave
#                     ^ source.data-weave keyword.operator.arithmetic.dw
#                      ^ source.data-weave constant.numeric.dw
#                       ^^^^^ source.data-weave
#                            ^ source.data-weave constant.character.escape.dw
#                             ^ source.data-weave
#                              ^ source.data-weave constant.character.escape.dw
#                               ^^^^^^^^^^ source.data-weave
#                                         ^ source.data-weave constant.character.escape.dw
#                                          ^^^^^^^^ source.data-weave
#                                                  ^ source.data-weave constant.numeric.dw
#                                                   ^ source.data-weave keyword.operator.arithmetic.dw
#                                                    ^^ source.data-weave
>type repeatedFields = {name: String, age: Number, friend *: String }
#^^^^ source.data-weave storage.type.dw
#    ^ source.data-weave
#     ^^^^^^^^^^^^^^ source.data-weave entity.name.variable.dw
#                   ^ source.data-weave
#                    ^ source.data-weave keyword.operator.assignment.dw
#                     ^^ source.data-weave
#                       ^^^^ source.data-weave entity.name.variable.dw
#                           ^ source.data-weave keyword.operator.declaration.dw
#                            ^ source.data-weave
#                             ^^^^^^ source.data-weave entity.name.variable.dw
#                                   ^^ source.data-weave
#                                     ^^^ source.data-weave entity.name.variable.dw
#                                        ^ source.data-weave keyword.operator.declaration.dw
#                                         ^ source.data-weave
#                                          ^^^^^^ source.data-weave entity.name.variable.dw
#                                                ^^ source.data-weave
#                                                  ^^^^^^ source.data-weave entity.name.variable.dw
#                                                        ^ source.data-weave
#                                                         ^ source.data-weave keyword.operator.arithmetic.dw
#                                                          ^ source.data-weave keyword.operator.declaration.dw
#                                                           ^ source.data-weave
#                                                            ^^^^^^ source.data-weave entity.name.variable.dw
#                                                                  ^^^ source.data-weave
>type repeatedFieldsOptional = {name: String, age: Number, friend*: String , brother *?: String }
#^^^^ source.data-weave storage.type.dw
#    ^ source.data-weave
#     ^^^^^^^^^^^^^^^^^^^^^^ source.data-weave entity.name.variable.dw
#                           ^ source.data-weave
#                            ^ source.data-weave keyword.operator.assignment.dw
#                             ^^ source.data-weave
#                               ^^^^ source.data-weave entity.name.variable.dw
#                                   ^ source.data-weave keyword.operator.declaration.dw
#                                    ^ source.data-weave
#                                     ^^^^^^ source.data-weave entity.name.variable.dw
#                                           ^^ source.data-weave
#                                             ^^^ source.data-weave entity.name.variable.dw
#                                                ^ source.data-weave keyword.operator.declaration.dw
#                                                 ^ source.data-weave
#                                                  ^^^^^^ source.data-weave entity.name.variable.dw
#                                                        ^^ source.data-weave
#                                                          ^^^^^^ source.data-weave entity.name.variable.dw
#                                                                ^ source.data-weave keyword.operator.arithmetic.dw
#                                                                 ^ source.data-weave keyword.operator.declaration.dw
#                                                                  ^ source.data-weave
#                                                                   ^^^^^^ source.data-weave entity.name.variable.dw
#                                                                         ^^^ source.data-weave
#                                                                            ^^^^^^^ source.data-weave entity.name.variable.dw
#                                                                                   ^ source.data-weave
#                                                                                    ^ source.data-weave keyword.operator.arithmetic.dw
#                                                                                     ^ source.data-weave
#                                                                                      ^ source.data-weave keyword.operator.declaration.dw
#                                                                                       ^ source.data-weave
#                                                                                        ^^^^^^ source.data-weave entity.name.variable.dw
#                                                                                              ^^^ source.data-weave
>type optionalField = {name?: String, age: Number}
#^^^^ source.data-weave storage.type.dw
#    ^ source.data-weave
#     ^^^^^^^^^^^^^ source.data-weave entity.name.variable.dw
#                  ^ source.data-weave
#                   ^ source.data-weave keyword.operator.assignment.dw
#                    ^^ source.data-weave
#                      ^^^^ source.data-weave entity.name.variable.dw
#                          ^ source.data-weave
#                           ^ source.data-weave keyword.operator.declaration.dw
#                            ^ source.data-weave
#                             ^^^^^^ source.data-weave entity.name.variable.dw
#                                   ^^ source.data-weave
#                                     ^^^ source.data-weave entity.name.variable.dw
#                                        ^ source.data-weave keyword.operator.declaration.dw
#                                         ^ source.data-weave
#                                          ^^^^^^ source.data-weave entity.name.variable.dw
#                                                ^^ source.data-weave
>
>type Book = {name: String, authors: Array<User>, price: Number}
#^^^^ source.data-weave storage.type.dw
#    ^ source.data-weave
#     ^^^^ source.data-weave entity.name.variable.dw
#         ^ source.data-weave
#          ^ source.data-weave keyword.operator.assignment.dw
#           ^^ source.data-weave
#             ^^^^ source.data-weave entity.name.variable.dw
#                 ^ source.data-weave keyword.operator.declaration.dw
#                  ^ source.data-weave
#                   ^^^^^^ source.data-weave entity.name.variable.dw
#                         ^^ source.data-weave
#                           ^^^^^^^ source.data-weave entity.name.variable.dw
#                                  ^ source.data-weave keyword.operator.declaration.dw
#                                   ^ source.data-weave
#                                    ^^^^^ source.data-weave entity.name.variable.dw
#                                         ^ source.data-weave keyword.operator.comparison.dw
#                                          ^^^^ source.data-weave entity.name.variable.dw
#                                              ^ source.data-weave keyword.operator.comparison.dw
#                                               ^^ source.data-weave
#                                                 ^^^^^ source.data-weave entity.name.variable.dw
#                                                      ^ source.data-weave keyword.operator.declaration.dw
#                                                       ^ source.data-weave
#                                                        ^^^^^^ source.data-weave entity.name.variable.dw
#                                                              ^^ source.data-weave
>type User = {name: String,lastName: String, "key with spaces": Number}
#^^^^ source.data-weave storage.type.dw
#    ^ source.data-weave
#     ^^^^ source.data-weave entity.name.variable.dw
#         ^ source.data-weave
#          ^ source.data-weave keyword.operator.assignment.dw
#           ^^ source.data-weave
#             ^^^^ source.data-weave entity.name.variable.dw
#                 ^ source.data-weave keyword.operator.declaration.dw
#                  ^ source.data-weave
#                   ^^^^^^ source.data-weave entity.name.variable.dw
#                         ^ source.data-weave
#                          ^^^^^^^^ source.data-weave entity.name.variable.dw
#                                  ^ source.data-weave keyword.operator.declaration.dw
#                                   ^ source.data-weave
#                                    ^^^^^^ source.data-weave entity.name.variable.dw
#                                          ^^ source.data-weave
#                                            ^ source.data-weave string.quoted.double.dw punctuation.definition.string.begin.dw
#                                             ^^^^^^^^^^^^^^^ source.data-weave string.quoted.double.dw
#                                                            ^ source.data-weave string.quoted.double.dw punctuation.definition.string.end.dw
#                                                             ^ source.data-weave keyword.operator.declaration.dw
#                                                              ^ source.data-weave
#                                                               ^^^^^^ source.data-weave entity.name.variable.dw
#                                                                     ^^ source.data-weave
>type Account = {email: String, id: String}
#^^^^ source.data-weave storage.type.dw
#    ^ source.data-weave
#     ^^^^^^^ source.data-weave entity.name.variable.dw
#            ^ source.data-weave
#             ^ source.data-weave keyword.operator.assignment.dw
#              ^^ source.data-weave
#                ^^^^^ source.data-weave entity.name.variable.dw
#                     ^ source.data-weave keyword.operator.declaration.dw
#                      ^ source.data-weave
#                       ^^^^^^ source.data-weave entity.name.variable.dw
#                             ^^ source.data-weave
#                               ^^ source.data-weave entity.name.variable.dw
#                                 ^ source.data-weave keyword.operator.declaration.dw
#                                  ^ source.data-weave
#                                   ^^^^^^ source.data-weave entity.name.variable.dw
#                                         ^^ source.data-weave
>type MyUser = Object {class: "com.mulesoft.MyUser"}
#^^^^ source.data-weave storage.type.dw
#    ^ source.data-weave
#     ^^^^^^ source.data-weave entity.name.variable.dw
#           ^ source.data-weave
#            ^ source.data-weave keyword.operator.assignment.dw
#             ^ source.data-weave
#              ^^^^^^ source.data-weave entity.name.variable.dw
#                    ^^ source.data-weave
#                      ^^^^^ source.data-weave entity.name.variable.dw
#                           ^ source.data-weave keyword.operator.declaration.dw
#                            ^ source.data-weave
#                             ^ source.data-weave string.quoted.double.dw punctuation.definition.string.begin.dw
#                              ^^^^^^^^^^^^^^^^^^^ source.data-weave string.quoted.double.dw
#                                                 ^ source.data-weave string.quoted.double.dw punctuation.definition.string.end.dw
#                                                  ^^ source.data-weave
>
>type IHashMap<T> = {
#^^^^ source.data-weave storage.type.dw
#    ^ source.data-weave
#     ^^^^^^^^ source.data-weave entity.name.variable.dw
#             ^ source.data-weave keyword.operator.comparison.dw
#              ^ source.data-weave entity.name.variable.dw
#               ^ source.data-weave keyword.operator.comparison.dw
#                ^ source.data-weave
#                 ^ source.data-weave keyword.operator.assignment.dw
#                  ^^^ source.data-weave
>  get: (key: String) -> T | Null,
#^^ source.data-weave
#  ^^^ source.data-weave entity.name.variable.dw
#     ^ source.data-weave keyword.operator.declaration.dw
#      ^^ source.data-weave
#        ^^^ source.data-weave entity.name.variable.dw
#           ^ source.data-weave keyword.operator.declaration.dw
#            ^ source.data-weave
#             ^^^^^^ source.data-weave entity.name.variable.dw
#                   ^^ source.data-weave
#                     ^^ source.data-weave keyword.operator.case.dw
#                       ^ source.data-weave
#                        ^ source.data-weave entity.name.variable.dw
#                         ^ source.data-weave
#                          ^ source.data-weave constant.numeric.dw
#                           ^^^^^^^ source.data-weave
>  set: (key: String, value: T) -> HashMapSetOperation<T>,
#^^^^^ source.data-weave
#     ^ source.data-weave constant.character.escape.dw
#      ^^^^^ source.data-weave
#           ^ source.data-weave constant.character.escape.dw
#            ^ source.data-weave
#             ^ source.data-weave constant.character.escape.dw
#              ^^^^^^^^^^^^ source.data-weave
#                          ^ source.data-weave constant.character.escape.dw
#                           ^ source.data-weave
#                            ^ source.data-weave constant.character.escape.dw
#                             ^^ source.data-weave
#                               ^ source.data-weave constant.character.escape.dw
#                                ^^ source.data-weave
#                                  ^ source.data-weave constant.character.escape.dw
#                                   ^^^ source.data-weave
#                                      ^ source.data-weave constant.character.escape.dw
#                                       ^^ source.data-weave
#                                         ^ source.data-weave constant.character.escape.dw
#                                          ^^^^^^^^^^^^ source.data-weave
#                                                      ^ source.data-weave constant.character.escape.dw
#                                                       ^^^ source.data-weave
>  instance: Any,
#^^^^^^^^^^ source.data-weave
#          ^ source.data-weave constant.character.escape.dw
#           ^^^^^^ source.data-weave
>  getAll: () -> { _?: T }
#^^^^^^^^ source.data-weave
#        ^ source.data-weave constant.character.escape.dw
#         ^^^^ source.data-weave
#             ^ source.data-weave constant.character.escape.dw
#              ^^^^^^ source.data-weave
#                    ^ source.data-weave constant.character.escape.dw
#                     ^ source.data-weave
#                      ^ source.data-weave constant.character.escape.dw
#                       ^^^ source.data-weave
>}
#^^ source.data-weave
>
>type HashMapSetOperation<T> = {|
#^^^^^ source.data-weave
#     ^ source.data-weave constant.character.escape.dw
#      ^^^ source.data-weave
#         ^ source.data-weave constant.character.escape.dw
#          ^^ source.data-weave
#            ^ source.data-weave constant.character.escape.dw
#             ^^^^^^^^^^^^ source.data-weave
#                         ^ source.data-weave constant.character.escape.dw
#                          ^^^^^ source.data-weave
#                               ^ source.data-weave constant.numeric.dw
>  operation: String,
#^^ source.data-weave
#  ^^^^^^^^^ source.data-weave entity.name.variable.dw
#           ^ source.data-weave keyword.operator.declaration.dw
#            ^ source.data-weave
#             ^^^^^^ source.data-weave entity.name.variable.dw
#                   ^^ source.data-weave
>  prevValue: T | Null & Dsa,
#^^ source.data-weave
#  ^^^^^^^^^ source.data-weave entity.name.variable.dw
#           ^ source.data-weave keyword.operator.declaration.dw
#            ^ source.data-weave
#             ^ source.data-weave entity.name.variable.dw
#              ^ source.data-weave
#               ^ source.data-weave constant.numeric.dw
#                ^^^^^^^^ source.data-weave
#                        ^ source.data-weave constant.character.escape.dw
#                         ^^^^ source.data-weave
>  newValue: T,
#^^^^^^^^^^ source.data-weave
#          ^ source.data-weave constant.character.escape.dw
#           ^ source.data-weave
#            ^ source.data-weave constant.character.escape.dw
#             ^^ source.data-weave
>  key: String
#^^^^^ source.data-weave
#     ^ source.data-weave constant.character.escape.dw
#      ^ source.data-weave
#       ^ source.data-weave constant.character.escape.dw
#        ^^^^^^ source.data-weave
>|}
#^ source.data-weave constant.numeric.dw
# ^^ source.data-weave
>
>fun HashMap(): IHashMap<Any> = native("bat::HashMap")
#^^^ source.data-weave storage.type.dw
#   ^ source.data-weave
#    ^^^^^^^ source.data-weave entity.name.variable.dw
#           ^^ source.data-weave
#             ^ source.data-weave keyword.operator.declaration.dw
#              ^ source.data-weave
#               ^^^^^^^^ source.data-weave entity.name.variable.dw
#                       ^ source.data-weave keyword.operator.comparison.dw
#                        ^^^ source.data-weave entity.name.variable.dw
#                           ^ source.data-weave keyword.operator.comparison.dw
#                            ^ source.data-weave
#                             ^ source.data-weave keyword.operator.assignment.dw
#                              ^ source.data-weave
#                               ^^^^^^ source.data-weave entity.name.variable.dw
#                                     ^ source.data-weave
#                                      ^ source.data-weave string.quoted.double.dw punctuation.definition.string.begin.dw
#                                       ^^^^^^^^^^^^ source.data-weave string.quoted.double.dw
#                                                   ^ source.data-weave string.quoted.double.dw punctuation.definition.string.end.dw
#                                                    ^^ source.data-weave
>
>type IListBuffer<T> = {
#^^^^ source.data-weave storage.type.dw
#    ^ source.data-weave
#     ^^^^^^^^^^^ source.data-weave entity.name.variable.dw
#                ^ source.data-weave keyword.operator.comparison.dw
#                 ^ source.data-weave entity.name.variable.dw
#                  ^ source.data-weave keyword.operator.comparison.dw
#                   ^ source.data-weave
#                    ^ source.data-weave keyword.operator.assignment.dw
#                     ^^^ source.data-weave
>  peek: () -> T,
#^^ source.data-weave
#  ^^^^ source.data-weave entity.name.variable.dw
#      ^ source.data-weave keyword.operator.declaration.dw
#       ^^^^ source.data-weave
#           ^^ source.data-weave keyword.operator.case.dw
#             ^ source.data-weave
#              ^ source.data-weave entity.name.variable.dw
#               ^^ source.data-weave
>  pop: () -> T,
#^^ source.data-weave
#  ^^^ source.data-weave entity.name.variable.dw
#     ^ source.data-weave keyword.operator.declaration.dw
#      ^^^^ source.data-weave
#          ^^ source.data-weave keyword.operator.case.dw
#            ^ source.data-weave
#             ^ source.data-weave entity.name.variable.dw
#              ^^ source.data-weave
>  push: (item: T) -> T,
#^^ source.data-weave
#  ^^^^ source.data-weave entity.name.variable.dw
#      ^ source.data-weave keyword.operator.declaration.dw
#       ^^ source.data-weave
#         ^^^^ source.data-weave entity.name.variable.dw
#             ^ source.data-weave keyword.operator.declaration.dw
#              ^ source.data-weave
#               ^ source.data-weave entity.name.variable.dw
#                ^^ source.data-weave
#                  ^^ source.data-weave keyword.operator.case.dw
#                    ^ source.data-weave
#                     ^ source.data-weave entity.name.variable.dw
#                      ^^ source.data-weave
>  removeAt: (at: Number) -> T,
#^^ source.data-weave
#  ^^^^^^^^ source.data-weave entity.name.variable.dw
#          ^ source.data-weave keyword.operator.declaration.dw
#           ^^ source.data-weave
#             ^^ source.data-weave entity.name.variable.dw
#               ^ source.data-weave keyword.operator.declaration.dw
#                ^ source.data-weave
#                 ^^^^^^ source.data-weave entity.name.variable.dw
#                       ^^ source.data-weave
#                         ^^ source.data-weave keyword.operator.case.dw
#                           ^ source.data-weave
#                            ^ source.data-weave entity.name.variable.dw
#                             ^^ source.data-weave
>  getAt: (at: Number) -> T,
#^^ source.data-weave
#  ^^^^^ source.data-weave entity.name.variable.dw
#       ^ source.data-weave keyword.operator.declaration.dw
#        ^^ source.data-weave
#          ^^ source.data-weave entity.name.variable.dw
#            ^ source.data-weave keyword.operator.declaration.dw
#             ^ source.data-weave
#              ^^^^^^ source.data-weave entity.name.variable.dw
#                    ^^ source.data-weave
#                      ^^ source.data-weave keyword.operator.case.dw
#                        ^ source.data-weave
#                         ^ source.data-weave entity.name.variable.dw
#                          ^^ source.data-weave
>  setAt: (at: Number, item: T) -> T,
#^^ source.data-weave
#  ^^^^^ source.data-weave entity.name.variable.dw
#       ^ source.data-weave keyword.operator.declaration.dw
#        ^^ source.data-weave
#          ^^ source.data-weave entity.name.variable.dw
#            ^ source.data-weave keyword.operator.declaration.dw
#             ^ source.data-weave
#              ^^^^^^ source.data-weave entity.name.variable.dw
#                    ^^ source.data-weave
#                      ^^^^ source.data-weave entity.name.variable.dw
#                          ^ source.data-weave keyword.operator.declaration.dw
#                           ^ source.data-weave
#                            ^ source.data-weave entity.name.variable.dw
#                             ^^ source.data-weave
#                               ^^ source.data-weave keyword.operator.case.dw
#                                 ^ source.data-weave
#                                  ^ source.data-weave entity.name.variable.dw
#                                   ^^ source.data-weave
>  instance: Any,
#^^ source.data-weave
#  ^^^^^^^^ source.data-weave entity.name.variable.dw
#          ^ source.data-weave keyword.operator.declaration.dw
#           ^ source.data-weave
#            ^^^ source.data-weave entity.name.variable.dw
#               ^^ source.data-weave
>  items: () -> Array<T>,
#^^ source.data-weave
#  ^^^^^ source.data-weave entity.name.variable.dw
#       ^ source.data-weave keyword.operator.declaration.dw
#        ^^^^ source.data-weave
#            ^^ source.data-weave keyword.operator.case.dw
#              ^ source.data-weave
#               ^^^^^ source.data-weave entity.name.variable.dw
#                    ^ source.data-weave keyword.operator.comparison.dw
#                     ^ source.data-weave entity.name.variable.dw
#                      ^ source.data-weave keyword.operator.comparison.dw
#                       ^^ source.data-weave
>  length: () -> Number
#^^ source.data-weave
#  ^^^^^^ source.data-weave entity.name.variable.dw
#        ^ source.data-weave keyword.operator.declaration.dw
#         ^^^^ source.data-weave
#             ^^ source.data-weave keyword.operator.case.dw
#               ^ source.data-weave
#                ^^^^^^ source.data-weave entity.name.variable.dw
>}
#^^ source.data-weave
>
>fun ListBuffer(): IListBuffer<Any> = native("bat::ListBuffer")
#^^^ source.data-weave storage.type.dw
#   ^ source.data-weave
#    ^^^^^^^^^^ source.data-weave entity.name.variable.dw
#              ^^ source.data-weave
#                ^ source.data-weave keyword.operator.declaration.dw
#                 ^ source.data-weave
#                  ^^^^^^^^^^^ source.data-weave entity.name.variable.dw
#                             ^ source.data-weave keyword.operator.comparison.dw
#                              ^^^ source.data-weave entity.name.variable.dw
#                                 ^ source.data-weave keyword.operator.comparison.dw
#                                  ^ source.data-weave
#                                   ^ source.data-weave keyword.operator.assignment.dw
#                                    ^ source.data-weave
#                                     ^^^^^^ source.data-weave entity.name.variable.dw
#                                           ^ source.data-weave
#                                            ^ source.data-weave string.quoted.double.dw punctuation.definition.string.begin.dw
#                                             ^^^^^^^^^^^^^^^ source.data-weave string.quoted.double.dw
#                                                            ^ source.data-weave string.quoted.double.dw punctuation.definition.string.end.dw
#                                                             ^^ source.data-weave
>
>fun test(value:Null):Null = null
#^^^ source.data-weave storage.type.dw
#   ^ source.data-weave
#    ^^^^ source.data-weave entity.name.variable.dw
#        ^ source.data-weave
#         ^^^^^ source.data-weave entity.name.variable.dw
#              ^ source.data-weave keyword.operator.declaration.dw
#               ^^^^ source.data-weave entity.name.variable.dw
#                   ^ source.data-weave
#                    ^ source.data-weave keyword.operator.declaration.dw
#                     ^^^^ source.data-weave entity.name.variable.dw
#                         ^ source.data-weave
#                          ^ source.data-weave keyword.operator.assignment.dw
#                           ^ source.data-weave
#                            ^^^^ source.data-weave constant.language.dw
>
>fun test2(value:Null, callback:(Nothing,Nothing) -> Any):Null = null
#^^^ source.data-weave storage.type.dw
#   ^ source.data-weave
#    ^^^^^ source.data-weave entity.name.variable.dw
#         ^ source.data-weave
#          ^^^^^ source.data-weave entity.name.variable.dw
#               ^ source.data-weave keyword.operator.declaration.dw
#                ^^^^ source.data-weave entity.name.variable.dw
#                    ^^ source.data-weave
#                      ^^^^^^^^ source.data-weave entity.name.variable.dw
#                              ^ source.data-weave keyword.operator.declaration.dw
#                               ^ source.data-weave
#                                ^^^^^^^ source.data-weave entity.name.variable.dw
#                                       ^ source.data-weave
#                                        ^^^^^^^ source.data-weave entity.name.variable.dw
#                                               ^^ source.data-weave
#                                                 ^^ source.data-weave keyword.operator.case.dw
#                                                   ^ source.data-weave
#                                                    ^^^ source.data-weave entity.name.variable.dw
#                                                       ^ source.data-weave
#                                                        ^ source.data-weave keyword.operator.declaration.dw
#                                                         ^^^^ source.data-weave entity.name.variable.dw
#                                                             ^ source.data-weave
#                                                              ^ source.data-weave keyword.operator.assignment.dw
#                                                               ^ source.data-weave
#                                                                ^^^^ source.data-weave constant.language.dw
>
>fun toAccount(user: User) : Account = {
#^^^ source.data-weave storage.type.dw
#   ^ source.data-weave
#    ^^^^^^^^^ source.data-weave entity.name.variable.dw
#             ^ source.data-weave
#              ^^^^ source.data-weave entity.name.variable.dw
#                  ^ source.data-weave keyword.operator.declaration.dw
#                   ^ source.data-weave
#                    ^^^^ source.data-weave entity.name.variable.dw
#                        ^^ source.data-weave
#                          ^ source.data-weave keyword.operator.declaration.dw
#                           ^ source.data-weave
#                            ^^^^^^^ source.data-weave entity.name.variable.dw
#                                   ^ source.data-weave
#                                    ^ source.data-weave keyword.operator.assignment.dw
#                                     ^^^ source.data-weave
>   email: "$(user.name).$(user.lastName)@mulesoft.com",
#^^^ source.data-weave
#   ^^^^^ source.data-weave entity.name.variable.dw
#        ^ source.data-weave keyword.operator.declaration.dw
#         ^ source.data-weave
#          ^ source.data-weave string.quoted.double.dw punctuation.definition.string.begin.dw
#           ^^ source.data-weave string.quoted.double.dw keyword.other.dw
#             ^^^^ source.data-weave string.quoted.double.dw entity.name.variable.dw
#                 ^ source.data-weave string.quoted.double.dw storage.type.dw
#                  ^^^^ source.data-weave string.quoted.double.dw entity.name.variable.dw
#                      ^ source.data-weave string.quoted.double.dw keyword.other.dw
#                       ^ source.data-weave string.quoted.double.dw
#                        ^^ source.data-weave string.quoted.double.dw keyword.other.dw
#                          ^^^^ source.data-weave string.quoted.double.dw entity.name.variable.dw
#                              ^ source.data-weave string.quoted.double.dw storage.type.dw
#                               ^^^^^^^^ source.data-weave string.quoted.double.dw entity.name.variable.dw
#                                       ^ source.data-weave string.quoted.double.dw keyword.other.dw
#                                        ^^^^^^^^^^^^^ source.data-weave string.quoted.double.dw
#                                                     ^ source.data-weave string.quoted.double.dw punctuation.definition.string.end.dw
#                                                      ^^ source.data-weave
>   id: user.name
#^^^ source.data-weave
#   ^^ source.data-weave entity.name.variable.dw
#     ^ source.data-weave keyword.operator.declaration.dw
#      ^ source.data-weave
#       ^^^^ source.data-weave entity.name.variable.dw
#           ^ source.data-weave storage.type.dw
#            ^^^^ source.data-weave entity.name.variable.dw
>}
#^^ source.data-weave
>---
#^^^ source.data-weave keyword.operator.body-marker.dw
>toAccount({name: "Mariano", lastName: "Achaval"})
#^^^^^^^^^ source.data-weave entity.name.variable.dw
#         ^^ source.data-weave
#           ^^^^ source.data-weave entity.name.variable.dw
#               ^ source.data-weave keyword.operator.declaration.dw
#                ^ source.data-weave
#                 ^ source.data-weave string.quoted.double.dw punctuation.definition.string.begin.dw
#                  ^^^^^^^ source.data-weave string.quoted.double.dw
#                         ^ source.data-weave string.quoted.double.dw punctuation.definition.string.end.dw
#                          ^^ source.data-weave
#                            ^^^^^^^^ source.data-weave entity.name.variable.dw
#                                    ^ source.data-weave keyword.operator.declaration.dw
#                                     ^ source.data-weave
#                                      ^ source.data-weave string.quoted.double.dw punctuation.definition.string.begin.dw
#                                       ^^^^^^^ source.data-weave string.quoted.double.dw
#                                              ^ source.data-weave string.quoted.double.dw punctuation.definition.string.end.dw
#                                               ^^^ source.data-weave